// Jest Snapshot v1, https://goo.gl/fbAQLP

exports[`ErrorMessage component should render ErrorMessage component 1`] = `
"<p style={{...}}>
  some error
</p>"
`;
